pages/Login.tsx(21,32): error TS2554: Expected 1 arguments, but got 2.
pages/Register.tsx(14,13): error TS2339: Property 'register' does not exist on type 'AuthContextType'.
